pytest : D:\anaconda3\Lib\site-packag
es\pytest_asyncio\plugin.py:247: Pyte
stDeprecationWarning: The configurati
on option "asyncio_default_fixture_lo
op_scope" is unset.
所在位置 行:1 字符: 27
+ .\.venv\Scripts\activate; pytest te
sts/ --tb=line 2>&1 | Out-File tes ..
.
+                           ~~~~~~~~~
~~~~~~~~~~~~~~~~~~~
    + CategoryInfo          : NotSpe 
   cified: (D:\anaconda3\Li...cope"  
   is unset.:String) [], RemoteExc   
 eption
    + FullyQualifiedErrorId : Native 
   CommandError
 
The event loop scope for asynchronous
 fixtures will default to the fixture
 caching scope. Future versions of py
test-asyncio will default the loop sc
ope for asynchronous fixtures to func
tion scope. Set the default fixture l
oop scope explicitly in order to avoi
d unexpected behavior in the future. 
Valid fixture loop scopes are: "funct
ion", "class", "module", "package", "
session"

  warnings.warn(PytestDeprecationWarn
ing(_DEFAULT_FIXTURE_LOOP_SCOPE_UNSET
))
============================= test session starts =============================
platform win32 -- Python 3.13.5, pytest-8.3.4, pluggy-1.5.0 -- D:\anaconda3\python.exe
cachedir: .pytest_cache
rootdir: C:\Users\29084\Desktop\Open-AutoGLM
configfile: pytest.ini
plugins: anyio-4.11.0, hydra-core-1.3.2, asyncio-1.3.0, typeguard-4.4.4
asyncio: mode=Mode.AUTO, debug=False, asyncio_default_fixture_loop_scope=None, asyncio_default_test_loop_scope=function
collecting ... collected 55 items

tests/unit/test_action_handler.py::TestActionHandler::test_init PASSED   [  1%]
tests/unit/test_action_handler.py::TestActionHandler::test_execute_finish PASSED [  3%]
tests/unit/test_action_handler.py::TestActionHandler::test_execute_unknown_type PASSED [  5%]
tests/unit/test_action_handler.py::TestActionHandler::test_coordinate_conversion PASSED [  7%]
tests/unit/test_action_handler.py::TestAsyncActionHandler::test_init PASSED [  9%]
tests/unit/test_action_handler.py::TestAsyncActionHandler::test_execute_is_async PASSED [ 10%]
tests/unit/test_action_handler.py::TestAsyncActionHandler::test_execute_finish PASSED [ 12%]
tests/unit/test_action_handler.py::TestAsyncActionHandler::test_execute_tap PASSED [ 14%]
tests/unit/test_action_handler.py::TestAsyncActionHandler::test_execute_swipe PASSED [ 16%]
tests/unit/test_action_handler.py::TestAsyncActionHandler::test_execute_wait PASSED [ 18%]
tests/unit/test_action_parser.py::TestParseAction::test_parse_do_action PASSED [ 20%]
tests/unit/test_action_parser.py::TestParseAction::test_parse_finish_action PASSED [ 21%]
tests/unit/test_action_parser.py::TestParseAction::test_parse_swipe_action PASSED [ 23%]
tests/unit/test_action_parser.py::TestParseAction::test_parse_type_action PASSED [ 25%]
tests/unit/test_action_parser.py::TestParseAction::test_parse_with_whitespace PASSED [ 27%]
tests/unit/test_action_parser.py::TestParseAction::test_parse_empty_raises PASSED [ 29%]
tests/unit/test_action_parser.py::TestParseAction::test_parse_invalid_raises PASSED [ 30%]
tests/unit/test_action_parser.py::TestParseAction::test_parse_security_no_eval PASSED [ 32%]
tests/unit/test_action_parser.py::TestParseAction::test_parse_complex_text PASSED [ 34%]
tests/unit/test_adb.py::TestAsyncADBFunctions::test_async_tap_is_coroutine PASSED [ 36%]
tests/unit/test_adb.py::TestAsyncADBFunctions::test_async_swipe_is_coroutine PASSED [ 38%]
tests/unit/test_adb.py::TestAsyncADBFunctions::test_async_back_is_coroutine PASSED [ 40%]
tests/unit/test_adb.py::TestAsyncADBFunctions::test_async_home_is_coroutine PASSED [ 41%]
tests/unit/test_adb.py::TestAsyncADBFunctions::test_async_type_text_is_coroutine PASSED [ 43%]
tests/unit/test_adb.py::TestAsyncADBFunctions::test_async_get_screenshot_is_coroutine PASSED [ 45%]
tests/unit/test_adb.py::TestAsyncADBFunctions::test_async_tap_calls_subprocess PASSED [ 47%]
tests/unit/test_adb.py::TestAsyncADBFunctions::test_async_swipe_calls_subprocess PASSED [ 49%]
tests/unit/test_adb.py::TestAsyncInputFunctions::test_async_clear_text_is_coroutine PASSED [ 50%]
tests/unit/test_adb.py::TestAsyncInputFunctions::test_async_detect_and_set_adb_keyboard_is_coroutine PASSED [ 52%]
tests/unit/test_adb.py::TestScreenshot::test_screenshot_dataclass PASSED [ 54%]
tests/unit/test_agent.py::TestAsyncPhoneAgent::test_init PASSED          [ 56%]
tests/unit/test_agent.py::TestAsyncPhoneAgent::test_init_default_config PASSED [ 58%]
tests/unit/test_agent.py::TestAsyncPhoneAgent::test_step_is_async PASSED [ 60%]
tests/unit/test_agent.py::TestAsyncPhoneAgent::test_run_is_async PASSED  [ 61%]
tests/unit/test_agent.py::TestAsyncPhoneAgent::test_reset PASSED         [ 63%]
tests/unit/test_agent.py::TestAsyncPhoneAgent::test_cancel PASSED        [ 65%]
tests/unit/test_agent.py::TestPhoneAgent::test_init PASSED               [ 67%]
tests/unit/test_agent.py::TestPhoneAgent::test_step_is_sync PASSED       [ 69%]
tests/unit/test_agent.py::TestCancellationToken::test_sync_token PASSED  [ 70%]
tests/unit/test_agent.py::TestCancellationToken::test_async_token PASSED [ 72%]
tests/unit/test_agent.py::TestCancellationToken::test_async_token_check PASSED [ 74%]
tests/unit/test_logging.py::TestStructuredLogger::test_get_logger PASSED [ 76%]
tests/unit/test_logging.py::TestStructuredLogger::test_logger_singleton PASSED [ 78%]
tests/unit/test_logging.py::TestStructuredLogger::test_log_levels PASSED [ 80%]
tests/unit/test_logging.py::TestStructuredLogger::test_agent_methods PASSED [ 81%]
tests/unit/test_logging.py::TestLogEntry::test_log_entry_creation PASSED [ 83%]
tests/unit/test_logging.py::TestLogEntry::test_log_entry_to_console PASSED [ 85%]
tests/unit/test_logging.py::TestLogEntry::test_log_entry_to_json PASSED  [ 87%]
tests/unit/test_model_client.py::TestAsyncModelClient::test_init PASSED  [ 89%]
tests/unit/test_model_client.py::TestAsyncModelClient::test_init_default_config PASSED [ 90%]
tests/unit/test_model_client.py::TestAsyncModelClient::test_request_is_async PASSED [ 92%]
tests/unit/test_model_client.py::TestAsyncModelClient::test_request_success PASSED [ 94%]
tests/unit/test_model_client.py::TestAsyncModelClient::test_request_empty_response PASSED [ 96%]
tests/unit/test_model_client.py::TestModelConfig::test_default_values PASSED [ 98%]
tests/unit/test_model_client.py::TestModelConfig::test_custom_values PASSED [100%]

============================= 55 passed in 5.39s ==============================
